[trimatrixlab.com/store/mati/index.html]
[trimatrixlab.com/store/mati/assets/img/apple-icon.png]
[trimatrixlab.com/store/mati/assets/img/favicon.png]
[backblue.gif]
[fade.gif]
[index.html]
[trimatrixlab.com/store/mati/index-2.html]
[trimatrixlab.com/store/mati/assets/img/christian.jpg]
[trimatrixlab.com/store/mati/assets/img/portfolio-images/port-1.png]
[trimatrixlab.com/store/mati/assets/img/portfolio-images/port-2.png]
[trimatrixlab.com/store/mati/assets/img/portfolio-images/port-3.png]
[trimatrixlab.com/store/mati/assets/img/portfolio-images/port-4.png]
[trimatrixlab.com/store/mati/assets/img/portfolio-images/port-5.png]
[trimatrixlab.com/store/mati/assets/img/portfolio-images/port-6.png]
[trimatrixlab.com/store/mati/assets/img/portfolio-images/port-7.png]
[trimatrixlab.com/store/mati/index.html]
[trimatrixlab.com/store/mati/assets/fonts/fontawesome-webfont3e6e.eot]
[trimatrixlab.com/store/mati/assets/fonts/fontawesome-webfontd41d.eot]
[trimatrixlab.com/store/mati/assets/fonts/fontawesome-webfont3e6e.woff2]
[trimatrixlab.com/store/mati/assets/fonts/fontawesome-webfont3e6e.woff]
[trimatrixlab.com/store/mati/assets/fonts/fontawesome-webfont3e6e.ttf]
[trimatrixlab.com/store/mati/assets/css/vendor/font-awesome.min.css]
[trimatrixlab.com/store/mati/assets/css/vendor/magnific-popup.css]
[trimatrixlab.com/store/mati/assets/css/vendor/bootstrap.min.css]
[trimatrixlab.com/store/mati/assets/fonts/ArcaMajora3-Black.eot]
[trimatrixlab.com/store/mati/assets/fonts/ArcaMajora3-Black.woff]
[trimatrixlab.com/store/mati/assets/fonts/ArcaMajora3-Black.ttf]
[trimatrixlab.com/store/mati/assets/img/arrow-left.png]
[trimatrixlab.com/store/mati/assets/img/arrow-right.png]
[trimatrixlab.com/store/mati/assets/css/style.css]
[trimatrixlab.com/store/mati/assets/toggle/toggle.css]
[trimatrixlab.com/store/mati/assets/js/vendor/modernizr.js]
[trimatrixlab.com/store/mati/index-2.html]
[trimatrixlab.com/store/mati/assets/js/vendor/jquery-2.2.4.min.js]
[trimatrixlab.com/store/mati/assets/js/vendor/jquery.mobile.custom.min.js]
[trimatrixlab.com/store/mati/assets/js/vendor/bootstrap.min.js]
[trimatrixlab.com/store/mati/assets/js/vendor/material.min.js]
[trimatrixlab.com/store/mati/assets/js/vendor/imagesloaded.js]
[trimatrixlab.com/store/mati/assets/js/vendor/masonry-3.1.4.js]
[trimatrixlab.com/store/mati/assets/js/vendor/masonry.filter.js]
[trimatrixlab.com/store/mati/assets/js/vendor/jquery.magnific-popup.min.js]
[trimatrixlab.com/store/mati/assets/js/vendor/waypoint.min.js]
[trimatrixlab.com/store/mati/assets/js/vendor/jquery.counterup.min.js]
[trimatrixlab.com/store/mati/assets/js/vendor/typed.min.js]
[trimatrixlab.com/store/mati/assets/js/vendor/nouislider.min.js]
[trimatrixlab.com/store/mati/assets/js/vendor/bootstrap-datepicker.js]
[trimatrixlab.com/store/mati/assets/js/main.js]
[trimatrixlab.com/store/mati/assets/toggle/js.js]
[trimatrixlab.com/store/mati/assets/fonts/fontawesome-webfont3e6e.svg]
[trimatrixlab.com/store/mati/assets/fonts/ArcaMajora3-Black.svg]
[trimatrixlab.com/store/mati/assets/img/arrow-left.html]
[trimatrixlab.com/store/mati/assets/img/arrow-right.html]
[trimatrixlab.com/store/mati/Popover requires tooltip.html]
[trimatrixlab.com/store/mati/assets/css/style_01.css]
[trimatrixlab.com/store/mati/assets/css/style_02.css]
[trimatrixlab.com/store/mati/assets/css/style_03.css]
[trimatrixlab.com/store/mati/assets/css/style_04.css]
[trimatrixlab.com/store/mati/assets/css/style_05.css]
[trimatrixlab.com/store/mati/assets/css/style_06.css]
